// Jest Snapshot v1, https://goo.gl/fbAQLP

exports[`Code Generation generates a basic validation function 1`] = `
"\\"use strict\\";
module.exports = validate10;
module.exports.default = validate10;
var schema11 = {\\"type\\":\\"object\\",\\"additionalProperties\\":false,\\"required\\":[\\"foo\\"],\\"properties\\":{\\"foo\\":{\\"type\\":\\"string\\",\\"format\\":\\"uri\\"},\\"bar\\":{\\"type\\":\\"string\\",\\"maxLength\\":42}},\\"$schema\\":\\"http://json-schema.org/draft-07/schema#\\"};
var formats0 = require(\\"/home/joel/dev/app-config/node_modules/ajv-formats/dist/formats.js\\").fullFormats.uri;
var func4 = require(\\"/home/joel/dev/app-config/app-config-schema/node_modules/ajv/dist/compile/ucs2length\\").default;

function validate10(data, valCxt){
\\"use strict\\"; ;
if(valCxt){
var dataPath = valCxt.dataPath;
var parentData = valCxt.parentData;
var parentDataProperty = valCxt.parentDataProperty;
var rootData = valCxt.rootData;
}
else {
var dataPath = \\"\\";
var parentData = undefined;
var parentDataProperty = undefined;
var rootData = data;
}
var vErrors = null;
var errors = 0;
if(data && typeof data == \\"object\\" && !Array.isArray(data)){
if(data.foo === undefined){
var err0 = {keyword:\\"required\\",dataPath:dataPath,schemaPath:\\"#/required\\",params:{missingProperty: \\"foo\\"},message:\\"should have required property '\\"+\\"foo\\"+\\"'\\"};
if(vErrors === null){
vErrors = [err0];
}
else {
vErrors.push(err0);
}
errors++;
}
for(var key0 in data){
if(!((key0 === \\"foo\\") || (key0 === \\"bar\\"))){
var err1 = {keyword:\\"additionalProperties\\",dataPath:dataPath,schemaPath:\\"#/additionalProperties\\",params:{additionalProperty: key0},message:\\"should NOT have additional properties\\"};
if(vErrors === null){
vErrors = [err1];
}
else {
vErrors.push(err1);
}
errors++;
}
}
if(data.foo !== undefined){
var data0 = data.foo;
if(typeof data0 === \\"string\\"){
if(!(formats0(data0))){
var err2 = {keyword:\\"format\\",dataPath:dataPath+\\"/foo\\",schemaPath:\\"#/properties/foo/format\\",params:{format: \\"uri\\"},message:\\"should match format \\\\\\"\\"+\\"uri\\"+\\"\\\\\\"\\"};
if(vErrors === null){
vErrors = [err2];
}
else {
vErrors.push(err2);
}
errors++;
}
}
else {
var err3 = {keyword:\\"type\\",dataPath:dataPath+\\"/foo\\",schemaPath:\\"#/properties/foo/type\\",params:{type: \\"string\\"},message:\\"should be string\\"};
if(vErrors === null){
vErrors = [err3];
}
else {
vErrors.push(err3);
}
errors++;
}
}
if(data.bar !== undefined){
var data1 = data.bar;
if(typeof data1 === \\"string\\"){
if(func4(data1) > 42){
var err4 = {keyword:\\"maxLength\\",dataPath:dataPath+\\"/bar\\",schemaPath:\\"#/properties/bar/maxLength\\",params:{limit: 42},message:\\"should NOT have more than 42 characters\\"};
if(vErrors === null){
vErrors = [err4];
}
else {
vErrors.push(err4);
}
errors++;
}
}
else {
var err5 = {keyword:\\"type\\",dataPath:dataPath+\\"/bar\\",schemaPath:\\"#/properties/bar/type\\",params:{type: \\"string\\"},message:\\"should be string\\"};
if(vErrors === null){
vErrors = [err5];
}
else {
vErrors.push(err5);
}
errors++;
}
}
}
else {
var err6 = {keyword:\\"type\\",dataPath:dataPath,schemaPath:\\"#/type\\",params:{type: \\"object\\"},message:\\"should be object\\"};
if(vErrors === null){
vErrors = [err6];
}
else {
vErrors.push(err6);
}
errors++;
}
validate10.errors = vErrors;
return errors === 0;
}
"
`;

exports[`Code Generation validates using the generated code 1`] = `
Array [
  Object {
    "dataPath": "",
    "keyword": "required",
    "message": "should have required property 'foo'",
    "params": Object {
      "missingProperty": "foo",
    },
    "schemaPath": "#/required",
  },
]
`;
