// Jest Snapshot v1, https://goo.gl/fbAQLP

exports[`Code Generation validates using the generated code 1`] = `
Array [
  Object {
    "dataPath": "",
    "keyword": "required",
    "message": "should have required property 'foo'",
    "params": Object {
      "missingProperty": "foo",
    },
    "schemaPath": "#/required",
  },
]
`;
